<?xml version="1.0" encoding="UTF-8"?>
<project version="4">
  <component name="ProjectModuleManager">
    <modules>
      <module fileurl="file://$PROJECT_DIR$/project_root.iml" filepath="$PROJECT_DIR$/project_root.iml" />
      <module fileurl="file://$PROJECT_DIR$/rust_binary/rust__binary.iml" filepath="$PROJECT_DIR$/rust_binary/rust__binary.iml" group="modules" />
      <module fileurl="file://$PROJECT_DIR$/rust_library/rust__library.iml" filepath="$PROJECT_DIR$/rust_library/rust__library.iml" group="modules" />
    </modules>
  </component>
</project>
