<?xml version="1.0" encoding="UTF-8"?>
<module type="JAVA_MODULE" version="4">
  <component name="NewModuleRootManager" inherit-compiler-output="true">
    <exclude-output />
    <content url="file://$MODULE_DIR$/../../fbsrc/baz">
      <sourceFolder url="file://$MODULE_DIR$/../../fbsrc/baz" isTestSource="false" packagePrefix="baz" />
    </content>
    <orderEntry type="inheritedJdk" />
    <orderEntry type="sourceFolder" forTests="false" />
    <orderEntry type="library" name="//fbsrc/lib:barlib" scope="COMPILE" level="project" />
    <orderEntry type="library" name="//fbsrc/lib:lib" scope="COMPILE" level="project" />
  </component>
</module>